// Jest Snapshot v1, https://goo.gl/fbAQLP

exports[`Index page should match the snapshot 1`] = `
<div
  className="mb-3"
>
  <p>
    index
  </p>
  <p>
    lalalalala
  </p>
  <p>
    lalalalala
  </p>
  <p>
    lalalalala
  </p>
  <p>
    lalalalala
  </p>
  <p>
    lalalalala
  </p>
  <p>
    lalalalala
  </p>
  <p>
    lalalalala
  </p>
  <p>
    lalalalala
  </p>
  <p>
    lalalalala
  </p>
  <p>
    lalalalala
  </p>
  <p>
    lalalalala
  </p>
  <p>
    lalalalala
  </p>
  <p>
    lalalalala
  </p>
  <p>
    lalalalala
  </p>
  <p>
    lalalalala
  </p>
  <p>
    lalalalala
  </p>
  <p>
    lalalalala
  </p>
  <p>
    lalalalala
  </p>
  <p>
    lalalalala
  </p>
  <p>
    lalalalala
  </p>
  <p>
    lalalalala
  </p>
  <p>
    lalalalala
  </p>
  <p>
    lalalalala
  </p>
  <p>
    lalalalala
  </p>
  <p>
    lalalalala
  </p>
  <p>
    lalalalala
  </p>
  <p>
    lalalalala
  </p>
  <p>
    lalalalala
  </p>
  <p>
    lalalalala
  </p>
  <p>
    lalalalala
  </p>
  <p>
    lalalalala
  </p>
  <p>
    lalalalala
  </p>
  <p>
    lalalalala
  </p>
  <p>
    lalalalala
  </p>
  <p>
    lalalalala
  </p>
  <p>
    lalalalala
  </p>
  <p>
    lalalalala
  </p>
  <p>
    lalalalala
  </p>
  <p>
    lalalalala
  </p>
  <p>
    lalalalala
  </p>
  <p>
    lalalalala
  </p>
  <p>
    lalalalala
  </p>
  <p>
    lalalalala
  </p>
  <p>
    lalalalala
  </p>
  <p>
    lalalalala
  </p>
  <p>
    lalalalala
  </p>
  <p>
    lalalalala
  </p>
  <p>
    lalalalala
  </p>
  <p>
    <a
      href="/setup/paso-1"
      onClick={[Function]}
      onMouseEnter={[Function]}
    >
      Setup
    </a>
  </p>
  <p>
    <a
      href="/comenzar"
      onClick={[Function]}
      onMouseEnter={[Function]}
    >
      Comenzar
    </a>
  </p>
  <p>
    <a
      href="/preferencias"
      onClick={[Function]}
      onMouseEnter={[Function]}
    >
      Preferencias
    </a>
  </p>
  <p>
    <a
      href="/scan"
      onClick={[Function]}
      onMouseEnter={[Function]}
    >
      Scannear QR
    </a>
  </p>
  <p>
    <a
      href="/info"
      onClick={[Function]}
      onMouseEnter={[Function]}
    >
      Ir a Info
    </a>
  </p>
  <p>
    <a
      href="/acerca"
      onClick={[Function]}
      onMouseEnter={[Function]}
    >
      Ir a Acerca
    </a>
  </p>
</div>
`;
